sockets.c:331:1:lwip_socket_thread_init	4	static
sockets.c:338:1:lwip_socket_thread_cleanup	4	static
sockets.c:350:1:get_socket	24	static
sockets.c:380:1:tryget_socket	16	static
sockets.c:401:1:alloc_socket	24	static
sockets.c:437:1:free_socket	24	static
sockets.c:466:1:lwip_accept	104	static
sockets.c:557:1:lwip_bind	48	static
sockets.c:608:1:lwip_close	32	static
sockets.c:644:1:lwip_connect	56	static
sockets.c:709:1:lwip_listen	40	static
sockets.c:741:1:lwip_recvfrom	104	static
sockets.c:917:1:lwip_read	32	static
sockets.c:923:1:lwip_recv	32	static
sockets.c:929:1:lwip_send	48	static
sockets.c:965:1:lwip_sendmsg	104	static
sockets.c:1122:1:lwip_sendto	64	static
sockets.c:1215:1:lwip_socket	32	static
sockets.c:1269:1:lwip_write	24	static
sockets.c:1275:1:lwip_writev	56	static
sockets.c:1306:1:lwip_selscan	104	static
sockets.c:1371:1:lwip_select	136	static
sockets.c:1571:1:event_callback	40	static
sockets.c:1691:1:lwip_shutdown	48	static
sockets.c:1732:1:lwip_getaddrname	72	static
sockets.c:1777:1:lwip_getpeername	24	static
sockets.c:1783:1:lwip_getsockname	24	static
sockets.c:1789:1:lwip_getsockopt	48	static
sockets.c:1887:1:lwip_getsockopt_impl	40	static
sockets.c:2195:1:lwip_setsockopt	48	static
sockets.c:2288:1:lwip_setsockopt_impl	32	static
sockets.c:2615:1:lwip_ioctl	40	static
sockets.c:2712:1:lwip_fcntl	48	static
