core_cm7.h:2229:22:SCB_EnableICache	4	static,ignoring_inline_asm
core_cm7.h:2281:22:SCB_EnableDCache	24	static,ignoring_inline_asm
main.c:131:5:main	96	static
main.c:242:6:SystemClock_Config	216	static
main.c:310:13:MX_ADC3_Init	24	static
main.c:368:13:MX_CRC_Init	8	static
main.c:399:13:MX_DMA2D_Init	8	static
main.c:436:13:MX_I2C1_Init	8	static
main.c:482:13:MX_I2C3_Init	8	static
main.c:528:13:MX_IWDG_Init	8	static
main.c:557:13:MX_LTDC_Init	64	static
main.c:619:13:MX_QUADSPI_Init	8	static
main.c:658:13:MX_RTC_Init	80	static
main.c:748:13:MX_TIM7_Init	24	static
main.c:786:13:MX_USART1_UART_Init	8	static
main.c:819:13:MX_DMA_Init	16	static
main.c:833:13:MX_FMC_Init	40	static
main.c:937:13:MX_GPIO_Init	72	static
main.c:1258:6:StartDefaultTask	16	static
main.c:1273:6:MPU_Config	24	static
main.c:1321:6:HAL_TIM_PeriodElapsedCallback	16	static
main.c:1338:6:Error_Handler	4	static
