stm32f7xx_hal_msp.c:65:6:HAL_MspInit	16	static
stm32f7xx_hal_msp.c:89:6:HAL_ADC_MspInit	48	static
stm32f7xx_hal_msp.c:156:6:HAL_ADC_MspDeInit	16	static
stm32f7xx_hal_msp.c:194:6:HAL_CRC_MspInit	24	static
stm32f7xx_hal_msp.c:216:6:HAL_CRC_MspDeInit	16	static
stm32f7xx_hal_msp.c:238:6:HAL_DMA2D_MspInit	24	static
stm32f7xx_hal_msp.c:263:6:HAL_DMA2D_MspDeInit	16	static
stm32f7xx_hal_msp.c:288:6:HAL_I2C_MspInit	56	static
stm32f7xx_hal_msp.c:348:6:HAL_I2C_MspDeInit	16	static
stm32f7xx_hal_msp.c:395:6:HAL_LTDC_MspInit	64	static
stm32f7xx_hal_msp.c:496:6:HAL_LTDC_MspDeInit	16	static
stm32f7xx_hal_msp.c:565:6:HAL_QSPI_MspInit	56	static
stm32f7xx_hal_msp.c:628:6:HAL_QSPI_MspDeInit	16	static
stm32f7xx_hal_msp.c:665:6:HAL_RTC_MspInit	16	static
stm32f7xx_hal_msp.c:687:6:HAL_RTC_MspDeInit	16	static
stm32f7xx_hal_msp.c:709:6:HAL_TIM_Base_MspInit	24	static
stm32f7xx_hal_msp.c:731:6:HAL_TIM_Base_MspDeInit	16	static
stm32f7xx_hal_msp.c:753:6:HAL_UART_MspInit	48	static
stm32f7xx_hal_msp.c:797:6:HAL_UART_MspDeInit	16	static
stm32f7xx_hal_msp.c:824:13:HAL_FMC_MspInit	32	static
stm32f7xx_hal_msp.c:930:6:HAL_SDRAM_MspInit	16	static
stm32f7xx_hal_msp.c:942:13:HAL_FMC_MspDeInit	8	static
stm32f7xx_hal_msp.c:1016:6:HAL_SDRAM_MspDeInit	16	static
